 Count  Overhead File                    Line Function
 =====  ======== ====                    ==== ========
  5038         0 @Base/boot.jl            368 eval
  5038         0 @Base/client.jl          276 exec_options(opts::Base.JLOptions)
  5038         0 @Base/client.jl          476 include(fname::String)
  5038         0 @Base/loading.jl        1334 _include(mapexpr::Function, mod...
  5038         0 @Base/loading.jl        1277 include_string(mapexpr::typeof(...
    20         0 ....8/Test/src/Test.jl   464 macro expansion
    20         0 ...es/test/runtests.jl   147 fortran_test_string()
    15         0 ....8/Test/src/Test.jl   307 eval_test(evaluated::Expr, quot...
  1947         0 ...mpiler/typeinfer.jl   970 typeinf_ext_toplevel(interp::Co...
  1944         0 ...mpiler/typeinfer.jl   937 typeinf_ext(interp::Core.Compil...
  1944         0 ...mpiler/typeinfer.jl   209 typeinf(interp::Core.Compiler.N...
    16         0 ...mpiler/typeinfer.jl   239 _typeinf(interp::Core.Compiler....
    15         0 ...mpiler/typeinfer.jl   478 finish(me::Core.Compiler.Infere...
  1921         0 ...mpiler/typeinfer.jl   226 _typeinf(interp::Core.Compiler....
  1921         0 ...ctinterpretation.jl  2372 typeinf_nocycle(interp::Core.Co...
  1581         0 ...ctinterpretation.jl  2250 typeinf_local(interp::Core.Comp...
  1918         0 ...ctinterpretation.jl  1812 abstract_eval_statement(interp:...
  1918         0 ...ctinterpretation.jl  1670 abstract_call(interp::Core.Comp...
  1916         0 ...ctinterpretation.jl  1691 abstract_call(interp::Core.Comp...
  1916         0 ...ctinterpretation.jl  1633 abstract_call_known(interp::Cor...
  1804         0 ...ctinterpretation.jl   130 abstract_call_gf_by_type(interp...
  1817         0 ...ctinterpretation.jl   597 abstract_call_method(interp::Co...
  1814         0 ...mpiler/typeinfer.jl   856 typeinf_edge(interp::Core.Compi...
  1896         0 ...ctinterpretation.jl  2276 typeinf_local(interp::Core.Comp...
   765         0 ...ompiler/optimize.jl   505 optimize
   774         0 ...mpiler/typeinfer.jl   253 _typeinf(interp::Core.Compiler....
   372         0 ...ompiler/optimize.jl   540 run_passes(ci::Core.CodeInfo, s...
   168         0 ...r/ssair/inlining.jl    82 ssa_inlining_pass!(ir::Core.Com...
    34         0 ...r/ssair/inlining.jl  1394 assemble_inline_todo!(ir::Core....
    73         0 @Base/array.jl          1011 _growend!
    33         0 @Base/array.jl          1058 push!
   100         0 ...r/ssair/inlining.jl  1409 assemble_inline_todo!(ir::Core....
    84         0 ...r/ssair/inlining.jl  1196 analyze_single_call!(ir::Core.C...
    83         0 ...r/ssair/inlining.jl  1279 handle_match!(match::Core.Metho...
    86         0 ...r/ssair/inlining.jl   849 analyze_method!(match::Core.Met...
    40         0 ...r/ssair/inlining.jl   858 InliningTodo
   100         0 ...r/ssair/inlining.jl   799 resolve_todo(todo::Core.Compile...
    76         0 ...ompiler/ssair/ir.jl  1459 compact!
    25         0 ...ompiler/optimize.jl   542 run_passes(ci::Core.CodeInfo, s...
    18         0 ...ompiler/ssair/ir.jl  1459 compact!(code::Core.Compiler.IR...
    40         0 ...ompiler/ssair/ir.jl   269 NewNodeStream
    12         0 ...ompiler/ssair/ir.jl   615 Core.Compiler.IncrementalCompac...
   266         0 @Base/boot.jl            459 Array
    19         0 @Base/boot.jl            473 Array
     9         0 ...ompiler/ssair/ir.jl   191 Core.Compiler.InstructionStream...
   889         0 ...ctinterpretation.jl  1521 abstract_call_known(interp::Cor...
   889         0 ...ctinterpretation.jl  1270 abstract_apply(interp::Core.Com...
   110         0 ...ompiler/optimize.jl   543 run_passes(ci::Core.CodeInfo, s...
    31         0 ...ler/ssair/passes.jl   837 sroa_pass!(ir::Core.Compiler.IR...
    74         0 ...ompiler/ssair/ir.jl  1308 iterate(compact::Core.Compiler....
    34         0 ...ompiler/optimize.jl   546 run_passes(ci::Core.CodeInfo, s...
    47         0 ...ompiler/ssair/ir.jl  1461 compact!(code::Core.Compiler.IR...
    24         0 ...erfaces/src/main.jl   460 jai_decel
    24         0 ...es/test/runtests.jl   145 fortran_test_string()
     6         0 ...faces/src/config.jl   106 delete_accel!(aname::String)
    12         0 ...faces/src/config.jl   103 delete_accel!(aname::String)
     7         0 ...faces/src/config.jl    28 _find_accel(aname::String)
    11         0 ...es/src/framework.jl   350 invoke_sharedfunc(frame::AccelI...
    20         0 @Base/strings/io.jl      185 string
    11         0 none                       ? #13
    18         0 @Base/generator.jl        47 iterate
     8         0 @Base/array.jl           787 collect(itr::Base.Generator{Vec...
    20         0 @Base/strings/io.jl      144 print_to_string(xs::Type)
    20         0 @Base/strings/io.jl       35 print(io::IOBuffer, x::Type)
    20         0 @Base/show.jl            879 show(io::IOBuffer, x::Type)
     8         0 @Base/show.jl            987 show_datatype
     8         0 @Base/show.jl            887 _show_type(io::IOBuffer, x::Type)
     8         0 @Base/show.jl           1009 show_datatype(io::IOBuffer, x::...
     8         0 @Base/show.jl            638 show_typeparams(io::IOBuffer, e...
    17         0 @Base/show.jl            884 _show_type(io::IOBuffer, x::Type)
    17         0 @Base/show.jl            721 show_typealias(io::IOBuffer, x:...
     9         0 ...erfaces/src/util.jl   106 #pack_arg#1
     9         0 @Base/show.jl           1063 show
     9         0 @Base/strings/io.jl       46 print(::IOBuffer, ::Type, ::Str...
     8         0 @Base/reflection.jl      102 #names#8
     8         0 @Base/reflection.jl      102 names
     8         0 @Base/show.jl            540 make_typealias(x::Type)
   289         0 ...es/test/runtests.jl   141 fortran_test_string()
    79         0 ...erfaces/src/main.jl   255 jai_data(::String, ::AccelInter...
     5         0 @Base/array.jl           823 collect_to_with_first!
    30         0 ...es/src/framework.jl   349 invoke_sharedfunc(frame::AccelI...
    27         0 ...es/src/framework.jl   249 argsdtypes(frame::AccelInterfac...
     5         0 @Base/tuple.jl            88 indexed_iterate(t::Tuple{Array{...
   141         0 ...erfaces/src/main.jl   246 jai_data(::String, ::AccelInter...
    38         0 ...es/src/framework.jl   465 generate_sharedlib(::AccelInter...
   150         0 @Base/task.jl            893 wait()
   150         0 @Base/task.jl            884 poptask(W::Base.InvasiveLinkedL...
   105         0 ...ompiler/optimize.jl   637 slot2reg
   124         0 ...ompiler/optimize.jl   537 run_passes(ci::Core.CodeInfo, s...
    18         0 ...r/ssair/slot2ssa.jl   526 compute_live_ins
    18         0 ...r/ssair/slot2ssa.jl   644 construct_ssa!(ci::Core.CodeInf...
     6         0 @Base/abstractarray.jl  1147 copymutable
     8         0 @Base/sort.jl            773 #sort#9
     8         0 @Base/sort.jl            773 sort##kw
     8         0 ...r/ssair/slot2ssa.jl   536 compute_live_ins(cfg::Core.Comp...
   460         0 ...es/src/framework.jl   496 generate_sharedlib(::AccelInter...
   459         0 ...erfaces/src/util.jl    19 locked_filetask(::String, ::Str...
    94         0 ...es/src/framework.jl   299 compile_code(srcname::String, f...
   202         0 ...r/ssair/inlining.jl    85 ssa_inlining_pass!(ir::Core.Com...
   146         0 ...r/ssair/inlining.jl   615 batch_inline!(todo::Vector{Pair...
    10         0 ...r/ssair/inlining.jl   427 ir_inline_item!(compact::Core.C...
    57         0 ...ompiler/ssair/ir.jl  1036 process_node!(compact::Core.Com...
    11         0 ...ompiler/ssair/ir.jl   917 renumber_ssa2!(stmt::Any, ssanu...
    24         0 @Base/tuple.jl            29 getindex
     6         0 ...ctinterpretation.jl   612 abstract_call_method(interp::Co...
   446         0 ...ctinterpretation.jl   139 abstract_call_gf_by_type(interp...
   348         0 ...ctinterpretation.jl   781 abstract_call_method_with_const...
    34         0 ...mpiler/utilities.jl   191 specialize_method
    35         0 ...mpiler/typeinfer.jl   802 typeinf_edge(interp::Core.Compi...
    36         0 ...mpiler/utilities.jl   204 specialize_method(method::Metho...
   114         0 ...mpiler/typeinfer.jl   847 typeinf_edge(interp::Core.Compi...
    96         0 ...r/inferencestate.jl   277 Core.Compiler.InferenceState(re...
    77         0 @Base/iddict.jl           30 IdDict
    73         0 @Base/idset.jl             7 IdSet
    71         0 ...r/inferencestate.jl   130 Core.Compiler.InferenceState(re...
   221         0 ...erfaces/src/main.jl   232 jai_data(::String, ::AccelInter...
     8         0 ...8/SHA/src/common.jl    21 update!
     8         0 ...v1.8/SHA/src/SHA.jl    87 sha1
     8         0 ...v1.8/SHA/src/SHA.jl   105 sha1
     8         0 ...erfaces/src/util.jl    51 generate_jid(::UInt32, ::Vararg...
     7         0 @Base/array.jl           966 setindex!
   648         0 ...erfaces/src/util.jl    49 generate_jid(::UInt32, ::Vararg...
   232         0 ...rc/Serialization.jl   776 serialize(s::IOBuffer, x::Tuple...
   232         0 ...rc/Serialization.jl   205 serialize(s::Serialization.Seri...
   153         0 ...rc/Serialization.jl   277 serialize(s::Serialization.Seri...
    13         0 @Base/iobuffer.jl        330 ensureroom
    14         0 @Base/iobuffer.jl        443 write
    16         0 ...rc/Serialization.jl   616 serialize(s::Serialization.Seri...
     5         0 @Base/tuple.jl            68 iterate
     5         0 ...rc/Serialization.jl   206 serialize(s::Serialization.Seri...
   449         0 ...ctinterpretation.jl    50 abstract_call_gf_by_type(interp...
   441         0 @Base/iddict.jl          178 get!
   448         0 ...iler/methodtable.jl    96 #findall#258
   448         0 ...iler/methodtable.jl    95 findall##kw
   416         0 ...ctinterpretation.jl   290 find_matching_methods(argtypes:...
   441         0 @Base/reflection.jl      930 _methods_by_ftype
   441         0 ...iler/methodtable.jl    68 #findall#256
   441         0 ...iler/methodtable.jl    65 findall##kw
   441         0 ...iler/methodtable.jl    97 (::Core.Compiler.var"#259#260"{...
    15         0 ...r/ssair/inlining.jl  1250 handle_const_call!(ir::Core.Com...
    13         0 ...r/ssair/slot2ssa.jl   662 construct_ssa!(ci::Core.CodeInf...
    37         0 @Base/array.jl           924 getindex
    18         0 ...erfaces/src/main.jl   219 jai_data(::String, ::AccelInter...
   103         0 ...erfaces/src/main.jl   216 jai_data(::String, ::AccelInter...
    78         0 ...erfaces/src/util.jl    80 (::AccelInterfaces.var"#pack_ar...
    69         0 @Base/tuple.jl           349 _totuple
    69         0 @Base/tuple.jl           317 Tuple
    69         0 ...erfaces/src/util.jl   107 #pack_arg#1
    11         0 @Base/sort.jl            592 sort!
    11         0 @Base/sort.jl            665 sort!
    11         0 @Base/sort.jl            726 #sort!#8
    60         0 ...ompiler/optimize.jl   544 run_passes(ci::Core.CodeInfo, s...
     6         0 @Base/iddict.jl           96 setindex!(d::Core.Compiler.IdDi...
    54         0 ...mpiler/typeutils.jl    44 argtypes_to_type
     8         0 ...r/ssair/inlining.jl  1203 analyze_single_call!(ir::Core.C...
    46         0 ...mpiler/utilities.jl    43 anymap(f::Core.Compiler.var"#26...
    40         0 ...mpiler/typeutils.jl    44 (::Core.Compiler.var"#261#262")...
    42         0 ...iler/typelattice.jl   293 widenconst(::Core.Const)
    32         0 ...ctinterpretation.jl   254 find_matching_methods(argtypes:...
    20         0 ...ompiler/optimize.jl   536 run_passes(ci::Core.CodeInfo, s...
    21         0 @Base/boot.jl            478 Array
    15         0 ...ler/ssair/passes.jl  1137 adce_pass!(ir::Core.Compiler.IR...
     5         0 ...ompiler/ssair/ir.jl   906 renumber_ssa2!(stmt::Any, ssanu...
     9         0 ...ompiler/ssair/ir.jl   359 getindex(x::Core.Compiler.UseRef)
    20         0 ...r/ssair/inlining.jl   570 batch_inline!(todo::Vector{Pair...
    20         0 ...r/ssair/inlining.jl   206 cfg_inline_item!(ir::Core.Compi...
    58         0 ...ctinterpretation.jl  1689 abstract_call(interp::Core.Comp...
    12         0 ...mpiler/typeinfer.jl   496 store_backedges
    12         0 ...mpiler/typeinfer.jl   270 _typeinf(interp::Core.Compiler....
    89         0 ...ctinterpretation.jl  1536 abstract_call_known(interp::Cor...
    88         0 ...ctinterpretation.jl  1331 abstract_call_builtin(interp::C...
    80         0 .../compiler/tfuncs.jl  1850 builtin_tfunction(interp::Core....
    37         0 ...r/inferencestate.jl   274 Core.Compiler.InferenceState(re...
   714         0 ...es/test/runtests.jl   139 fortran_test_string()
     5         0 ...erfaces/src/main.jl   362 jai_launch(kname::String, aname...
   144         0 ...es/src/framework.jl   354 invoke_sharedfunc(frame::AccelI...
    11         0 @Base/essentials.jl      729 #invokelatest#2
    11         0 @Base/essentials.jl      727 invokelatest
    11         0 ...es/src/framework.jl   221 jai_ccall(dtypestr::String, lib...
   445         0 ...erfaces/src/main.jl   353 jai_launch(kname::String, aname...
   426         0 ...es/src/framework.jl   465 (::AccelInterfaces.var"#generat...
    81         0 @Base/asyncevent.jl      147 wait
    81         0 ...file/src/Profile.jl    42 profile_printing_listener()
    81         0 @Base/asyncevent.jl      129 _trywait(t::Base.AsyncCondition)
    82         0 @Base/condition.jl       124 wait(c::Base.GenericCondition{B...
    90         0 @Base/cmd.jl             470 cmd_gen(parsed::Tuple{Tuple{Vec...
   136         0 ...es/src/framework.jl   405 generate_code##kw
   136         0 ...es/src/framework.jl   286 compile_code(srcname::String, f...
    64         0 ...es/src/framework.jl   407 generate_code(frametype::AccelI...
    64         0 ...aces/src/fortran.jl   268 code_module_subppart(frametype:...
     5         0 @Base/int.jl             480 <
     7         0 @Base/array.jl           898 iterate
    17         0 ...ctinterpretation.jl   778 abstract_call_method_with_const...
    34         0 ...mpiler/utilities.jl   131 retrieve_code_info
    72         0 ...es/src/framework.jl   406 generate_code(frametype::AccelI...
    72         0 ...aces/src/fortran.jl   243 code_module_specpart(frametype:...
     8         0 ...r/ssair/inlining.jl  1213 analyze_single_call!(ir::Core.C...
     8         0 ...mpiler/typeinfer.jl   506 store_backedges
   144         0 @Base/boot.jl            468 Array
    38         0 @Base/array.jl           536 fill
    37         0 @Base/array.jl           534 fill
     7         0 ...ompiler/ssair/ir.jl   196 Core.Compiler.InstructionStream...
    31         0 ...ctinterpretation.jl   753 abstract_call_method_with_const...
    12         0 ...ler/ssair/passes.jl  1119 adce_pass!(ir::Core.Compiler.IR...
    34         0 ...ompiler/optimize.jl   340 argextype
    37         0 ...ompiler/optimize.jl   339 argextype
    31         0 ...ler/ssair/passes.jl     5 is_known_call(x::Any, func::Any...
    28         0 ...ctinterpretation.jl  1993 abstract_eval_global
    33         0 ...ompiler/optimize.jl   366 argextype(x::Any, src::Core.Com...
    88         0 ...ctinterpretation.jl   748 abstract_call_method_with_const...
    83         0 ...ctinterpretation.jl   705 concrete_eval_call(interp::Core...
    11         0 ...ompiler/optimize.jl   635 slot2reg
    11         0 ...er/ssair/domtree.jl   204 construct_domtree(blocks::Vecto...
     6         0 @Base/array.jl          1236 resize!
    17         0 ...e/compiler/types.jl   131 InferenceResult
    24         0 .../inferenceresult.jl   198 matching_cache_argtypes(linfo::...
    18         0 .../inferenceresult.jl    97 most_general_argtypes(method::M...
     5         0 .../inferenceresult.jl    99 most_general_argtypes(method::M...
    14         0 ...r/ssair/inlining.jl  1261 handle_const_call!(ir::Core.Com...
     9         0 ...ctinterpretation.jl   773 abstract_call_method_with_const...
    17         0 ...ompiler/optimize.jl   539 run_passes(ci::Core.CodeInfo, s...
    27         0 ...erfaces/src/main.jl   347 jai_launch(kname::String, aname...
     5         0 ...faces/src/kernel.jl   186 get_kernel_code(ctx::AccelInter...
    13         0 ...ctinterpretation.jl   801 maybe_get_const_prop_profitable...
     9         0 ...ctinterpretation.jl   864 const_prop_argument_heuristic(#...
    37         0 ...erfaces/src/main.jl   338 jai_launch(kname::String, aname...
    30         0 ...r/ssair/inlining.jl  1348 assemble_inline_todo!(ir::Core....
     9         0 ...mpiler/utilities.jl   147 get_compileable_sig
     9         0 ...ctinterpretation.jl   119 abstract_call_gf_by_type(interp...
    15         0 ...ctinterpretation.jl  1678 abstract_call(interp::Core.Comp...
    18         0 ...erfaces/src/main.jl   302 jai_launch(kname::String, aname...
     7         0 ...r/inferencestate.jl   113 Core.Compiler.InferenceState(re...
     7         0 ...mpiler/utilities.jl   304 mark_throw_blocks!(src::Core.Co...
     5         0 ...mpiler/utilities.jl   322 find_throw_blocks(code::Vector{...
     5         0 ...src/ordered_dict.jl   450 iterate(t::OrderedCollections.O...
   177         0 ...erfaces/src/main.jl   291 jai_launch(kname::String, aname...
    37         0 ...erfaces/src/util.jl   168 pack_args(innames::Vector{Strin...
    59         0 ...r/ssair/inlining.jl   861 InliningTodo
    43         0 ...ler/ssair/legacy.jl    10 inflate_ir(ci::Core.CodeInfo, l...
     5         0 ...r/ssair/inlining.jl   637 batch_inline!(todo::Vector{Pair...
    12         0 ...ompiler/ssair/ir.jl  1422 simple_dce!
     9         0 ...ompiler/ssair/ir.jl  1448 finish(compact::Core.Compiler.I...
     8         0 ...ompiler/ssair/ir.jl  1426 simple_dce!(compact::Core.Compi...
     6         0 ...ompiler/ssair/ir.jl   907 renumber_ssa2!(stmt::Any, ssanu...
    32         0 ...ctinterpretation.jl  1632 abstract_call_known(interp::Cor...
    10         0 ...r/inferencestate.jl   105 Core.Compiler.InferenceState(re...
     9         0 @Base/array.jl           588 zeros
     9         0 @Base/array.jl           584 zeros
    16         0 @Base/bitset.jl           18 BitSet
     9         0 ...mpiler/utilities.jl   248 find_ssavalue_uses(body::Vector...
    12         0 ...erfaces/src/util.jl   154 pack_args(innames::Vector{Strin...
     5         0 ...src/ordered_dict.jl   333 setindex!(h::OrderedCollections...
     8         0 ...src/ordered_dict.jl   316 _setindex!(h::OrderedCollection...
     5         0 ...src/ordered_dict.jl   187 rehash!(h::OrderedCollections.O...
     7         0 @Base/array.jl           147 vect(::Array{Float64, 3}, ::Var...
   100         0 ...ompiler/ssair/ir.jl   467 iterate(it::Core.Compiler.UseRe...
    96         0 ...ompiler/ssair/ir.jl   818 setindex!
   454         0 ...es/test/runtests.jl   137 fortran_test_string()
     5         0 @Base/iddict.jl          176 get!
    58         0 @Base/array.jl           716 collect_similar
    58         0 @Base/abstractarray.jl  2928 map
    58         0 ...es/src/framework.jl   220 jai_ccall(dtypestr::String, lib...
    47         0 @Base/array.jl           817 _collect(c::Vector{Tuple{Union{...
    24         0 ...r/ssair/inlining.jl   365 ir_inline_item!(compact::Core.C...
     8         0 ...ompiler/ssair/ir.jl   633 Core.Compiler.IncrementalCompac...
     5         0 @Base/array.jl           373 similar
    42         0 ...mpiler/typeinfer.jl   273 _typeinf(interp::Core.Compiler....
     5         0 ...mpiler/typeinfer.jl   359 transform_result_for_cache
    41         0 ...mpiler/typeinfer.jl   390 cache_result!(interp::Core.Comp...
    19         0 @Base/array.jl          1064 push!
     5         0 @Base/array.jl           812 _collect(c::Vector{Tuple{Union{...
     6         0 @Base/array.jl           807 _collect(c::Vector{Tuple{Union{...
    51         0 ...es/src/framework.jl   217 jai_ccall(dtypestr::String, lib...
    24         0 ...es/src/framework.jl   213 jai_ccall(dtypestr::String, lib...
     6         0 @Base/strings/io.jl      108 sprint
     6         0 @Base/strings/io.jl      353 join(iterator::Tuple{String, St...
     6         0 @Base/strings/io.jl      114 sprint(::Function, ::Tuple{Stri...
   398         0 ...ctinterpretation.jl   125 abstract_call_gf_by_type(interp...
     6         0 @Base/reflection.jl      253 isconst
    12         0 ...ompiler/ssair/ir.jl   630 Core.Compiler.IncrementalCompac...
    61         0 .../compiler/tfuncs.jl   807 getfield_tfunc
    61         0 .../compiler/tfuncs.jl   794 getfield_tfunc(s00::Any, name::...
    58         0 .../compiler/tfuncs.jl   912 _getfield_tfunc(s00::Any, name:...
    36         0 ...piler/typelimits.jl   314 tmerge(typea::Any, typeb::Any)
    30         0 ...piler/typelimits.jl   302 issimpleenoughtype(t::Any)
     5         0 ...piler/typelimits.jl   313 tmerge(typea::Any, typeb::Any)
     7         0 ...piler/typelimits.jl   301 issimpleenoughtype(t::Any)
    11         0 ...r/ssair/inlining.jl  1509 ssa_substitute!
     6         0 ...r/ssair/inlining.jl   397 ir_inline_item!(compact::Core.C...
     7         0 ...ompiler/ssair/ir.jl   338 UseRef
     7         0 ...ompiler/ssair/ir.jl   344 UseRefIterator
     7         0 ...ompiler/ssair/ir.jl   456 userefs
    35         0 ...mpiler/typeinfer.jl   364 transform_result_for_cache
    33         0 ...mpiler/typeinfer.jl   345 maybe_compress_codeinfo(interp:...
    11         0 ...ompiler/ssair/ir.jl  1251 iterate
     5         0 ...ompiler/ssair/ir.jl   916 renumber_ssa2!(stmt::Any, ssanu...
     9         0 ...r/ssair/slot2ssa.jl   173 rename_uses!
     9         0 ...r/ssair/slot2ssa.jl   761 construct_ssa!(ci::Core.CodeInf...
     5         0 @Base/promotion.jl       473 ==
    83         0 ...erfaces/src/main.jl   225 jai_data(::String, ::AccelInter...
    10         0 ...es/src/framework.jl   713 select_data_framework(ctx_accel...
    12         0 ...es/src/framework.jl     ? select_data_framework(ctx_accel...
     6         0 @Base/tuple.jl            88 indexed_iterate
    57         0 ...es/src/framework.jl   667 select_data_framework(ctx_accel...
     5         0 ...erfaces/src/main.jl   220 jai_data(::String, ::AccelInter...
    17         0 ...erfaces/src/main.jl   215 jai_data(::String, ::AccelInter...
     5         0 @Base/iterators.jl       166 iterate
  1036         0 ...erfaces/src/main.jl   134 jai_kernel##kw
  1039         0 ...es/test/runtests.jl   135 fortran_test_string()
   662         0 ...erfaces/src/main.jl   157 jai_kernel(kdef::String, kname:...
     6         0 ...es/src/framework.jl   596 get_framework(frametype::AccelI...
    96         0 ...es/src/framework.jl   595 get_framework(frametype::AccelI...
    42         0 ...r/ssair/slot2ssa.jl   907 construct_ssa!(ci::Core.CodeInf...
    11         0 @Base/array.jl           647 collect
     5         0 ...r/ssair/slot2ssa.jl   501 domsort_ssa!(ir::Core.Compiler....
     8         0 ...r/ssair/inlining.jl  1108 process_simple!(ir::Core.Compil...
     8         0 ...ler/ssair/passes.jl   168 collect_leaves
     6         0 ...ler/ssair/passes.jl   809 sroa_pass!(ir::Core.Compiler.IR...
     5         0 @Base/range.jl           883 iterate
    39         0 @Base/array.jl           404 getindex
    13         0 ...es/src/framework.jl   592 get_framework(frametype::AccelI...
    25         0 ...ompiler/ssair/ir.jl  1321 iterate(compact::Core.Compiler....
    91         0 ...es/src/framework.jl   589 get_framework(frametype::AccelI...
    10         0 ...ompiler/optimize.jl   336 argextype
    18         0 ...ler/ssair/passes.jl   821 sroa_pass!(ir::Core.Compiler.IR...
    14         0 ...r/ssair/inlining.jl  1293 handle_inf_result!
     5         0 ...ompiler/ssair/ir.jl   288 IRCode
     7         0 ...ler/ssair/legacy.jl    35 inflate_ir(ci::Core.CodeInfo, s...
    15         0 ...r/ssair/slot2ssa.jl   518 domsort_ssa!(ir::Core.Compiler....
    15         0 ...r/ssair/slot2ssa.jl   365 rename_phinode_edges(node::Core...
   102         0 ...es/src/framework.jl   465 generate_sharedlib
   102         0 ...es/src/framework.jl   581 get_framework(frametype::AccelI...
   100         0 ...es/src/framework.jl   511 generate_sharedlib(::AccelInter...
     5         0 @Base/array.jl           649 _collect
    14         0 ...es/src/framework.jl   546 get_framework(frametype::AccelI...
     8         0 ...ompiler/optimize.jl   636 slot2reg
     5         0 ...r/ssair/slot2ssa.jl    45 scan_slot_def_use(nargs::Int64,...
     8         0 ...r/ssair/inlining.jl   617 batch_inline!(todo::Vector{Pair...
    96         0 @Base/abstractarray.jl   841 similar
    96         0 @Base/abstractarray.jl   840 similar
    96         0 @Base/array.jl           676 _array_for
    94         0 @Base/array.jl           679 _array_for
    77         0 ...mpiler/typeinfer.jl   244 _typeinf(interp::Core.Compiler....
     9         0 ...ompiler/ssair/ir.jl  1462 compact!(code::Core.Compiler.IR...
     7         0 ...ompiler/ssair/ir.jl   238 getindex
     6         0 @Base/array.jl           369 copy
    10         0 ...ctinterpretation.jl  2314 typeinf_local(interp::Core.Comp...
     5         0 ...r/ssair/slot2ssa.jl   424 domsort_ssa!(ir::Core.Compiler....
     5         0 @Base/iddict.jl           34 Core.Compiler.IdDict{Int64, Int...
    22         0 ...ler/ssair/legacy.jl    14 inflate_ir(ci::Core.CodeInfo, s...
    23         0 @Base/expr.jl             64 copy_exprargs(x::Vector{Any})
    20         0 @Base/expr.jl             42 copy_exprs(x::Any)
    21         0 @Base/expr.jl             37 copy(e::Expr)
    10         0 @Base/int.jl              83 <
    27         0 ...erfaces/src/main.jl   145 jai_kernel(kdef::String, kname:...
   341         0 ...erfaces/src/main.jl   137 jai_kernel(kdef::String, kname:...
    23         0 ...faces/src/kernel.jl   155 parse_kerneldef(kdef::String)
     5         0 ...r/ssair/slot2ssa.jl    62 renumber_ssa!
    26         0 ...ompiler/ssair/ir.jl   459 iterate
    21         0 ...ompiler/ssair/ir.jl   465 iterate(it::Core.Compiler.UseRe...
     8         0 @Base/operators.jl       382 >
   261         0 ...faces/src/kernel.jl   142 parse_kerneldef(kdef::String)
    56         0 ...rc/Serialization.jl   654 serialize
    48         0 ...rc/Serialization.jl   675 serialize_any(s::Serialization....
    14         0 ...ler/ssair/legacy.jl     6 inflate_ir(ci::Core.CodeInfo, l...
     5         0 ...ompiler/ssair/ir.jl   904 renumber_ssa2!(stmt::Any, ssanu...
    29         0 ...ompiler/ssair/ir.jl   570 IncrementalCompact
    19         0 ...ler/ssair/passes.jl  1101 adce_pass!(ir::Core.Compiler.IR...
    11         0 ...ler/ssair/legacy.jl    15 inflate_ir(ci::Core.CodeInfo, s...
    10         0 @Base/array.jl          1267 sizehint!
    10         0 ...ompiler/ssair/ir.jl   574 Core.Compiler.IncrementalCompac...
     5         0 .../compiler/tfuncs.jl  1804 builtin_tfunction(interp::Core....
     5         0 .../compiler/tfuncs.jl  1510 tuple_tfunc(argtypes::Vector{Any})
     5         0 ...r/ssair/inlining.jl   371 ir_inline_item!(compact::Core.C...
    14         0 ...ompiler/ssair/ir.jl   371 getindex(x::Core.Compiler.UseRef)
    10         0 ...ler/ssair/passes.jl   678 sroa_pass!(ir::Core.Compiler.IR...
     8         0 ...rc/Serialization.jl   671 serialize_any(s::Serialization....
     8         0 ...rc/Serialization.jl   601 serialize_type(s::Serialization...
     8         0 ...rc/Serialization.jl   569 serialize_type_data(s::Serializ...
     8         0 ...rc/Serialization.jl   377 serialize(s::Serialization.Seri...
     8         0 ...rc/Serialization.jl   367 serialize_mod_names(s::Serializ...
     9         0 ...ompiler/optimize.jl   506 optimize
    48         0 ...faces/src/kernel.jl   112 parse_kerneldef(kdef::String)
     6         0 ...faces/src/kernel.jl    54 parse_header(hdr::SubString{Str...
     5         0 ...faces/src/kernel.jl   124 parse_kerneldef(kdef::String)
     9         0 @Base/essentials.jl      492 setindex!
   107         0 ...erfaces/src/main.jl    63 jai_accel##kw
   107         0 ...es/test/runtests.jl   134 fortran_test_string()
     7         0 ...erfaces/src/main.jl   107 jai_accel(aname::String, lineno...
     5         0 ...r/ssair/slot2ssa.jl   509 domsort_ssa!(ir::Core.Compiler....
    91         0 ...erfaces/src/main.jl    75 jai_accel(aname::String, lineno...
     8         0 ...erfaces/src/main.jl    66 jai_accel(aname::String, lineno...
     8         0 ...faces/src/config.jl    67 set_config(CFG::AccelInterfaces...
     9         0 ...ler/ssair/passes.jl   686 sroa_pass!(ir::Core.Compiler.IR...
     7         0 ...mpiler/typeinfer.jl   622 type_annotate!(sv::Core.Compile...
    16         0 ...ctinterpretation.jl  1995 abstract_eval_global
    11         0 @Base/Base.jl             38 getproperty(x::Nothing, f::Symbol)
    13         0 ...ctinterpretation.jl  1784 collect_argtypes
    25         0 ...ctinterpretation.jl  1808 abstract_eval_statement(interp:...
     9         0 ...ctinterpretation.jl  2004 abstract_eval_global
     9         0 ...ctinterpretation.jl  1765 abstract_eval_special_value
     9         0 ...ctinterpretation.jl  1775 abstract_eval_value(interp::Cor...
    86         0 ...ompiler/ssair/ir.jl   810 setindex!(compact::Core.Compile...
    82         0 ...ompiler/ssair/ir.jl   688 count_added_node!(compact::Core...
     6         0 ...ctinterpretation.jl  1537 abstract_call_known(interp::Cor...
    20         0 ...ompiler/ssair/ir.jl   905 renumber_ssa2!(stmt::Any, ssanu...
    16         0 ...mpiler/utilities.jl   191 specialize_method##kw
    16         0 ...mpiler/utilities.jl   208 #specialize_method#254
    16         0 ...mpiler/utilities.jl   208 specialize_method##kw
    12         0 ...ctinterpretation.jl   812 maybe_get_const_prop_profitable...
    14         0 ...mpiler/utilities.jl   202 specialize_method(method::Metho...
    11         0 ...ctinterpretation.jl   757 abstract_call_method_with_const...
    10         0 .../inferenceresult.jl   208 cache_lookup(linfo::Core.Method...
     8         0 ...mpiler/typeinfer.jl   846 typeinf_edge(interp::Core.Compi...
     5         0 .../inferenceresult.jl   169 most_general_argtypes(method::M...
     5         0 ...r/ssair/inlining.jl   635 batch_inline!(todo::Vector{Pair...
    12         0 ...ctinterpretation.jl  1782 collect_argtypes
     5         0 ...ctinterpretation.jl   158 abstract_call_gf_by_type(interp...
     5         0 ...ompiler/ssair/ir.jl    83 compute_basic_blocks(stmts::Vec...
     7         0 @Base/error.jl            35 error(s::String)
     6         0 ...r/ssair/inlining.jl  1551 ssa_substitute_op!(val::Any, ar...
     7         0 ...ompiler/ssair/ir.jl   453 userefs
     5         0 ...ompiler/ssair/ir.jl   370 getindex(x::Core.Compiler.UseRef)
     7         0 @Base/array.jl           377 similar
     7         0 @Base/sort.jl            714 sort!##kw
     5         0 ...ompiler/ssair/ir.jl   195 Core.Compiler.InstructionStream...
     6         0 ...r/ssair/inlining.jl  1080 check_effect_free!
    14         0 ...ompiler/ssair/ir.jl   609 Core.Compiler.IncrementalCompac...
     6         0 @Base/reflection.jl      668 typeintersect
     6         0 ...mpiler/typeutils.jl   178 hasintersect
    13         0 ...ompiler/ssair/ir.jl     3 PhiNode
    13         0 ...ler/ssair/passes.jl   594 perform_lifting!(compact::Core....
     6         0 ...ompiler/ssair/ir.jl   193 Core.Compiler.InstructionStream...
     5         0 ...r/ssair/inlining.jl   517 ir_inline_unionsplit!(compact::...
     5         0 ...ctinterpretation.jl  1994 abstract_eval_global
     5         0 ...r/ssair/slot2ssa.jl   900 construct_ssa!(ci::Core.CodeInf...
    84         0 ...r/ssair/inlining.jl   426 ir_inline_item!(compact::Core.C...
     5         0 ...ctinterpretation.jl  1582 abstract_call_known(interp::Cor...
     5         0 .../compiler/tfuncs.jl  1992 return_type_tfunc(interp::Core....
     5         0 .../inferenceresult.jl   141 most_general_argtypes(method::M...
     6         0 ...compiler/cicache.jl    56 get
    18         0 @Base/expr.jl             66 exprarray
    10         0 @Base/array.jl          1013 _growat!
    10         0 @Base/array.jl          1460 insert!
    10         0 ...ompiler/optimize.jl   589 convert_to_ircode(ci::Core.Code...
     5         0 ...r/ssair/slot2ssa.jl   280 iterated_dominance_frontier(cfg...
  1947         1 ...mpiler/typeinfer.jl   966 typeinf_ext_toplevel(mi::Core.M...
    69        69 @Base/task.jl            597 task_done_hook(t::Task)
    81        81 ...eadingconstructs.jl   226 (::Profile.var"#3#4")()
  5038      5038 @Base/client.jl          522 _start()
Total snapshots: 5586 (97% utilization across all threads and tasks. Use the `groupby` kwarg to break down by thread and/or task)
